exports[`test The app renders correctly on initial load 1`] = `
<div
  className="App">
  <div
    className={undefined}
    style={
      Object {
        "WebkitTapHighlightColor": "rgba(0,0,0,0)",
        "backgroundColor": "#00bcd4",
        "borderRadius": "0px",
        "boxShadow": "0 1px 6px rgba(0, 0, 0, 0.12),
               0 1px 4px rgba(0, 0, 0, 0.12)",
        "boxSizing": "border-box",
        "color": "rgba(0, 0, 0, 0.87)",
        "display": "flex",
        "fontFamily": "Roboto, sans-serif",
        "muiPrepared": true,
        "paddingLeft": 24,
        "paddingRight": 24,
        "position": "relative",
        "transition": "all 450ms cubic-bezier(0.23, 1, 0.32, 1) 0ms",
        "width": "100%",
        "zIndex": 1100,
      }
    }>
    <button
      disabled={false}
      href={undefined}
      onBlur={[Function]}
      onClick={[Function]}
      onFocus={[Function]}
      onKeyDown={[Function]}
      onKeyUp={[Function]}
      onMouseEnter={[Function]}
      onMouseLeave={[Function]}
      onMouseOut={[Function]}
      onTouchStart={[Function]}
      onTouchTap={[Function]}
      style={
        Object {
          "WebkitTapHighlightColor": "rgba(0, 0, 0, 0)",
          "background": "none",
          "border": 10,
          "boxSizing": "border-box",
          "cursor": "pointer",
          "display": "none",
          "fontFamily": "Roboto, sans-serif",
          "fontSize": 0,
          "fontWeight": "inherit",
          "height": 48,
          "margin": 0,
          "marginLeft": -16,
          "marginRight": 8,
          "marginTop": 8,
          "muiPrepared": true,
          "outline": "none",
          "overflow": "visible",
          "padding": 12,
          "position": "relative",
          "textDecoration": "none",
          "transition": "all 450ms cubic-bezier(0.23, 1, 0.32, 1) 0ms",
          "verticalAlign": null,
          "width": 48,
          "zIndex": 1,
        }
      }
      tabIndex={0}
      type="button">
      <div
        onMouseDown={[Function]}
        onMouseLeave={[Function]}
        onMouseUp={[Function]}
        onTouchEnd={[Function]}
        onTouchStart={[Function]}>
        <svg
          onMouseEnter={[Function]}
          onMouseLeave={[Function]}
          style={
            Object {
              "color": "#ffffff",
              "display": "inline-block",
              "fill": "#ffffff",
              "height": 24,
              "muiPrepared": true,
              "transition": "all 450ms cubic-bezier(0.23, 1, 0.32, 1) 0ms",
              "userSelect": "none",
              "width": 24,
            }
          }
          viewBox="0 0 24 24">
          <path
            d="M3 18h18v-2H3v2zm0-5h18v-2H3v2zm0-7v2h18V6H3z" />
        </svg>
      </div>
    </button>
    <h1
      onTouchTap={[Function]}
      style={
        Object {
          "boxFlex": 1,
          "color": "#ffffff",
          "flex": "1",
          "fontSize": 24,
          "fontWeight": 400,
          "height": 64,
          "letterSpacing": 0,
          "lineHeight": "64px",
          "margin": 0,
          "muiPrepared": true,
          "overflow": "hidden",
          "paddingTop": 0,
          "textOverflow": "ellipsis",
          "whiteSpace": "nowrap",
        }
      }>
      Random-O-Tron 3000
    </h1>
    <button
      disabled={false}
      href={undefined}
      onBlur={[Function]}
      onClick={[Function]}
      onFocus={[Function]}
      onKeyDown={[Function]}
      onKeyUp={[Function]}
      onMouseEnter={[Function]}
      onMouseLeave={[Function]}
      onMouseOut={[Function]}
      onTouchStart={[Function]}
      onTouchTap={[Function]}
      style={
        Object {
          "WebkitTapHighlightColor": "rgba(0, 0, 0, 0)",
          "background": "none",
          "border": 10,
          "boxSizing": "border-box",
          "cursor": "pointer",
          "display": "inline-block",
          "fontFamily": "Roboto, sans-serif",
          "fontSize": 0,
          "fontWeight": "inherit",
          "height": 48,
          "margin": 0,
          "marginLeft": "auto",
          "marginRight": -16,
          "marginTop": 8,
          "muiPrepared": true,
          "outline": "none",
          "overflow": "visible",
          "padding": 12,
          "position": "relative",
          "textDecoration": "none",
          "transition": "all 450ms cubic-bezier(0.23, 1, 0.32, 1) 0ms",
          "verticalAlign": null,
          "width": 48,
          "zIndex": 1,
        }
      }
      tabIndex={0}
      type="button">
      <div
        onMouseDown={[Function]}
        onMouseLeave={[Function]}
        onMouseUp={[Function]}
        onTouchEnd={[Function]}
        onTouchStart={[Function]}>
        <span
          className="muidocs-icon-navigation-expand-more"
          color="rgba(0, 0, 0, 0.87)"
          onMouseEnter={[Function]}
          onMouseLeave={[Function]}
          style={
            Object {
              "color": "#ffffff",
              "display": "inline-block",
              "fill": "#ffffff",
              "fontSize": 24,
              "muiPrepared": true,
              "position": "relative",
              "transition": "all 450ms cubic-bezier(0.23, 1, 0.32, 1) 0ms",
              "userSelect": "none",
            }
          } />
      </div>
    </button>
  </div>
  <div
    style={
      Object {
        "margin": "0 auto",
        "width": "75%",
      }
    }>
    <form
      onSubmit={[Function]}
      style={
        Object {
          "padding": "40px",
          "textAlign": "center",
        }
      }>
      <div
        className={undefined}
        style={
          Object {
            "backgroundColor": "transparent",
            "cursor": "auto",
            "display": "inline-block",
            "fontFamily": "Roboto, sans-serif",
            "fontSize": 16,
            "height": 48,
            "lineHeight": "24px",
            "muiPrepared": true,
            "position": "relative",
            "transition": "height 200ms cubic-bezier(0.23, 1, 0.32, 1) 0ms",
            "width": 256,
          }
        }>
        <input
          disabled={false}
          id="nameInput"
          onBlur={[Function]}
          onChange={[Function]}
          onFocus={[Function]}
          style={
            Object {
              "WebkitTapHighlightColor": "rgba(0,0,0,0)",
              "appearance": "textfield",
              "backgroundColor": "rgba(0,0,0,0)",
              "border": "none",
              "color": "rgba(0, 0, 0, 0.87)",
              "cursor": "inherit",
              "font": "inherit",
              "height": "100%",
              "muiPrepared": true,
              "outline": "none",
              "padding": 0,
              "position": "relative",
              "width": "100%",
            }
          }
          type="text" />
        <div>
          <hr
            style={
              Object {
                "borderBottom": "solid 1px",
                "borderColor": "#e0e0e0",
                "borderLeft": "none",
                "borderRight": "none",
                "borderTop": "none",
                "bottom": 8,
                "boxSizing": "content-box",
                "margin": 0,
                "muiPrepared": true,
                "position": "absolute",
                "width": "100%",
              }
            } />
          <hr
            style={
              Object {
                "borderBottom": "solid 2px",
                "borderColor": "#00bcd4",
                "borderLeft": "none",
                "borderRight": "none",
                "borderTop": "none",
                "bottom": 8,
                "boxSizing": "content-box",
                "margin": 0,
                "muiPrepared": true,
                "position": "absolute",
                "transform": "scaleX(0)",
                "transition": "all 450ms cubic-bezier(0.23, 1, 0.32, 1) 0ms",
                "width": "100%",
              }
            } />
        </div>
      </div>
      <button
        disabled={false}
        href={undefined}
        onBlur={[Function]}
        onClick={[Function]}
        onFocus={[Function]}
        onKeyDown={[Function]}
        onKeyUp={[Function]}
        onMouseEnter={[Function]}
        onMouseLeave={[Function]}
        onTouchStart={[Function]}
        onTouchTap={[Function]}
        style={
          Object {
            "WebkitTapHighlightColor": "rgba(0, 0, 0, 0)",
            "backgroundColor": "rgba(0, 0, 0, 0)",
            "border": 10,
            "borderRadius": 2,
            "boxSizing": "border-box",
            "color": "#00bcd4",
            "cursor": "pointer",
            "display": "inline-block",
            "fontFamily": "Roboto, sans-serif",
            "fontSize": "inherit",
            "fontWeight": "inherit",
            "height": 36,
            "lineHeight": "36px",
            "margin": 0,
            "minWidth": 88,
            "muiPrepared": true,
            "outline": "none",
            "overflow": "hidden",
            "padding": 0,
            "position": "relative",
            "textAlign": "center",
            "textDecoration": "none",
            "transition": "all 450ms cubic-bezier(0.23, 1, 0.32, 1) 0ms",
            "userSelect": "none",
            "verticalAlign": null,
            "zIndex": 1,
          }
        }
        tabIndex={0}
        type="submit">
        <div
          onMouseDown={[Function]}
          onMouseLeave={[Function]}
          onMouseUp={[Function]}
          onTouchEnd={[Function]}
          onTouchStart={[Function]}>
          Add Name
        </div>
      </button>
    </form>
    <div
      id="randomiser-display"
      style={
        Object {
          "textAlign": "center",
        }
      }>
      <h1
        style={
          Object {
            "fontFamily": "Roboto",
            "fontSize": "48px",
          }
        }>
        
      </h1>
      <div
        className={undefined}
        style={
          Object {
            "WebkitTapHighlightColor": "rgba(0,0,0,0)",
            "backgroundColor": "#ffffff",
            "borderRadius": 2,
            "boxShadow": "0 1px 6px rgba(0, 0, 0, 0.12),
                   0 1px 4px rgba(0, 0, 0, 0.12)",
            "boxSizing": "border-box",
            "color": "rgba(0, 0, 0, 0.87)",
            "display": "inline-block",
            "fontFamily": "Roboto, sans-serif",
            "marginRight": "10px",
            "minWidth": 88,
            "muiPrepared": true,
            "transition": "all 450ms cubic-bezier(0.23, 1, 0.32, 1) 0ms",
          }
        }>
        <button
          disabled={false}
          href={undefined}
          onBlur={[Function]}
          onClick={[Function]}
          onFocus={[Function]}
          onKeyDown={[Function]}
          onKeyUp={[Function]}
          onMouseDown={[Function]}
          onMouseEnter={[Function]}
          onMouseLeave={[Function]}
          onMouseUp={[Function]}
          onTouchEnd={[Function]}
          onTouchStart={[Function]}
          onTouchTap={[Function]}
          style={
            Object {
              "WebkitTapHighlightColor": "rgba(0, 0, 0, 0)",
              "backgroundColor": "#ff4081",
              "border": 10,
              "borderRadius": 2,
              "boxSizing": "border-box",
              "cursor": "pointer",
              "display": "inline-block",
              "fontFamily": "Roboto, sans-serif",
              "fontSize": "inherit",
              "fontWeight": "inherit",
              "height": 36,
              "lineHeight": "36px",
              "margin": 0,
              "muiPrepared": true,
              "outline": "none",
              "padding": 0,
              "position": "relative",
              "textAlign": "center",
              "textDecoration": "none",
              "transition": "all 450ms cubic-bezier(0.23, 1, 0.32, 1) 0ms",
              "verticalAlign": null,
              "width": "100%",
              "zIndex": 1,
            }
          }
          tabIndex={0}
          type="button">
          <div
            onMouseDown={[Function]}
            onMouseLeave={[Function]}
            onMouseUp={[Function]}
            onTouchEnd={[Function]}
            onTouchStart={[Function]}>
            <div
              style={
                Object {
                  "backgroundColor": false,
                  "borderRadius": 2,
                  "height": 36,
                  "muiPrepared": true,
                  "top": 0,
                  "transition": "all 450ms cubic-bezier(0.23, 1, 0.32, 1) 0ms",
                }
              }>
              Stop
            </div>
          </div>
        </button>
      </div>
      <div
        className={undefined}
        style={
          Object {
            "WebkitTapHighlightColor": "rgba(0,0,0,0)",
            "backgroundColor": "#ffffff",
            "borderRadius": 2,
            "boxShadow": "0 1px 6px rgba(0, 0, 0, 0.12),
                   0 1px 4px rgba(0, 0, 0, 0.12)",
            "boxSizing": "border-box",
            "color": "rgba(0, 0, 0, 0.87)",
            "display": "inline-block",
            "fontFamily": "Roboto, sans-serif",
            "minWidth": 88,
            "muiPrepared": true,
            "transition": "all 450ms cubic-bezier(0.23, 1, 0.32, 1) 0ms",
          }
        }>
        <button
          disabled={false}
          href={undefined}
          onBlur={[Function]}
          onClick={[Function]}
          onFocus={[Function]}
          onKeyDown={[Function]}
          onKeyUp={[Function]}
          onMouseDown={[Function]}
          onMouseEnter={[Function]}
          onMouseLeave={[Function]}
          onMouseUp={[Function]}
          onTouchEnd={[Function]}
          onTouchStart={[Function]}
          onTouchTap={[Function]}
          style={
            Object {
              "WebkitTapHighlightColor": "rgba(0, 0, 0, 0)",
              "backgroundColor": "#00bcd4",
              "border": 10,
              "borderRadius": 2,
              "boxSizing": "border-box",
              "cursor": "pointer",
              "display": "inline-block",
              "fontFamily": "Roboto, sans-serif",
              "fontSize": "inherit",
              "fontWeight": "inherit",
              "height": 36,
              "lineHeight": "36px",
              "margin": 0,
              "muiPrepared": true,
              "outline": "none",
              "padding": 0,
              "position": "relative",
              "textAlign": "center",
              "textDecoration": "none",
              "transition": "all 450ms cubic-bezier(0.23, 1, 0.32, 1) 0ms",
              "verticalAlign": null,
              "width": "100%",
              "zIndex": 1,
            }
          }
          tabIndex={0}
          type="button">
          <div
            onMouseDown={[Function]}
            onMouseLeave={[Function]}
            onMouseUp={[Function]}
            onTouchEnd={[Function]}
            onTouchStart={[Function]}>
            <div
              style={
                Object {
                  "backgroundColor": false,
                  "borderRadius": 2,
                  "height": 36,
                  "muiPrepared": true,
                  "top": 0,
                  "transition": "all 450ms cubic-bezier(0.23, 1, 0.32, 1) 0ms",
                }
              }>
              Go
            </div>
          </div>
        </button>
      </div>
    </div>
  </div>
</div>
`;
